<?xml version="1.0" encoding="utf-8"?><testsuites><testsuite name="pytest" errors="0" failures="0" skipped="0" tests="6" time="4.066" timestamp="2026-08-20T16:22:04.999092" hostname="BFL657921-N"><testcase classname="tests.test_app.TestProcessMessage" name="test_valid_message_inserts_to_dynamodb_and_deletes_from_sqs" time="0.830" /><testcase classname="tests.test_app.TestProcessMessage" name="test_invalid_json_body_does_not_delete_message" time="1.248" /><testcase classname="tests.test_app.TestProcessMessage" name="test_dynamodb_client_error_does_not_delete_message" time="1.550" /><testcase classname="tests.test_app.TestProcessMessage" name="test_unexpected_exception_does_not_delete_message" time="0.014" /><testcase classname="tests.test_app.TestProcessMessage" name="test_event_id_is_unique_uuid" time="0.035" /><testcase classname="tests.test_app.TestHealth" name="test_health_endpoint_returns_ok" time="0.037" /></testsuite></testsuites>